[Licensing::Module] Trying to connect to existing licensing client channel...
Built from '6000.4/staging' branch; Version is '6000.4.7f1 (f3c3c4248748) revision 15975364'; Using compiler version '194234433'; Build Type 'Release'
OS: 'Windows 11  (10.0.26200) Professional' Language: 'tr' Physical Memory: 8029 MB
BatchMode: 1, IsHumanControllingUs: 0, StartBugReporterOnCrash: 0, Is64bit: 1
System  architecture: x64
Process architecture: x64
Date: 2026-06-01T19:44:32Z
[Licensing::IpcConnector] Successfully connected to: "LicenseClient-Omer Avar" at "2026-06-01T19:44:32.1367212Z"

COMMAND LINE ARGUMENTS:
C:\Program Files\Unity\Hub\Editor\6000.4.7f1\Editor\Unity.exe
-batchmode
-nographics
-quit
-projectPath
d:\MahjongGame
-executeMethod
MahjongGame.Editor.PerformanceScreenBuilder.BuildPerformanceScreen
-logFile
d:\MahjongGame\build-performance-screen.log
Successfully changed project path to: d:\MahjongGame
D:/MahjongGame
[UnityMemory] Configuration Parameters - Can be set up in boot.config
    "memorysetup-temp-allocator-size-gi-baking-worker=262144"
    "memorysetup-temp-allocator-size-gi-baking-worker=262144"
    "memorysetup-temp-allocator-size-gi-baking-worker=262144"
    "memorysetup-temp-allocator-size-gi-baking-worker=262144"
    "memorysetup-temp-allocator-size-gi-baking-worker=262144"
    "memorysetup-temp-allocator-size-nav-mesh-worker=65536"
    "memorysetup-temp-allocator-size-audio-worker=65536"
    "memorysetup-temp-allocator-size-cloud-worker=32768"
    "memorysetup-temp-allocator-size-gfx=262144"
    "memorysetup-temp-allocator-size-preload-manager=33554432"
    "memorysetup-temp-allocator-size-job-worker=262144"
    "memorysetup-temp-allocator-size-background-worker=32768"
    "memorysetup-allocator-temp-initial-block-size-main=262144"
    "memorysetup-allocator-temp-initial-block-size-worker=262144"
    "memorysetup-bucket-allocator-granularity=16"
    "memorysetup-bucket-allocator-bucket-count=8"
    "memorysetup-bucket-allocator-block-size=33554432"
    "memorysetup-bucket-allocator-block-count=8"
    "memorysetup-main-allocator-block-size=16777216"
    "memorysetup-thread-allocator-block-size=16777216"
    "memorysetup-gfx-main-allocator-block-size=16777216"
    "memorysetup-gfx-thread-allocator-block-size=16777216"
    "memorysetup-cache-allocator-block-size=4194304"
    "memorysetup-typetree-allocator-block-size=2097152"
    "memorysetup-profiler-bucket-allocator-granularity=16"
    "memorysetup-profiler-bucket-allocator-bucket-count=8"
    "memorysetup-profiler-bucket-allocator-block-size=33554432"
    "memorysetup-profiler-bucket-allocator-block-count=8"
    "memorysetup-profiler-allocator-block-size=16777216"
    "memorysetup-profiler-editor-allocator-block-size=1048576"
    "memorysetup-temp-allocator-size-main=16777216"
    "memorysetup-job-temp-allocator-block-size=2097152"
    "memorysetup-job-temp-allocator-block-size-background=1048576"
    "memorysetup-job-temp-allocator-reduction-small-platforms=262144"
Player connection [3028]  Target information:

Player connection [3028]  * "[IP] 192.168.1.124 [Port] 55504 [Flags] 2 [Guid] 4087740566 [EditorId] 4087740566 [Version] 1048832 [Id] WindowsEditor(7,OmerAvar) [Debug] 1 [PackageName] WindowsEditor [ProjectName] Editor" 

Player connection [3028] Host joined multi-casting on [225.0.0.222:54997]...
Player connection [3028] Host joined alternative multi-casting on [225.0.0.222:34997]...
Input System module state changed to: Initialized.
[Physics::Module] Initialized fallback backend.
[Physics::Module] Id: 0xdecafbad
[Package Manager] Connected to IPC stream "Upm-26520" after 0.3 seconds.
[Licensing::Module] Licensing is not yet initialized.
[Licensing::Client] Error: HandshakeResponse reported an error:
	ResponseCode: 505
	ResponseStatus: Unsupported protocol version '1.18.1'.
[Licensing::Module] Error: Failed to handshake to channel: "LicenseClient-Omer Avar"
[Licensing::IpcConnector] LicenseClient-Omer Avar channel disconnected successfully.
[Licensing::IpcConnector] Channel LicenseClient-Omer Avar-6000.4.7 doesn't exist
[Licensing::Module] Successfully launched the LicensingClient (PId: 23064)
[Licensing::IpcConnector] Successfully connected to: "LicenseClient-Omer Avar-6000.4.7" at "2026-06-01T19:44:35.1280205Z"
[Licensing::Client] Code 10 while verifying Licensing Client signature (process Id: 23064, path: "C:/Program Files/Unity/Hub/Editor/6000.4.7f1/Editor/Data/Resources/Licensing/Client/Unity.Licensing.Client.exe")
[Licensing::Module] LicensingClient has failed validation; ignoring
[Licensing::Client] Handshaking with LicensingClient:
  Version:                 1.18.1+9fbee8e
  Session Id:              cfc65b09539146c691691137e60937b4
  Correlation Id:          6c620e18b9e677af93167074b3c74a68
  External correlation Id: 2777849227380227716
  Machine Id:              1JW6h006V6e30suiqZEd3XsVnTE=
[Licensing::Module] Successfully connected to LicensingClient on channel: "LicenseClient-Omer Avar-6000.4.7" (connect: 0.37s, validation: 0.10s, handshake: 0.02s)
[Licensing::IpcConnector] Successfully connected to: "LicenseClient-Omer Avar-6000.4.7-notifications" at "2026-06-01T19:44:35.2416047Z"
[Licensing::Module] Connected to LicensingClient (PId: 23064, launch time: 0.00, total connection time: 0.49s)
[Licensing::Module] Error: Access token is unavailable; failed to update
[Licensing::Client] Successfully resolved entitlement details
[Licensing::Module] License group:
  Id: 18968433548162-UnityPersXXXX
  Product: Unity Personal
  Type: Assigned
  Expiration: Unlimited
[Licensing::Client] Successfully updated license, isAsync: True, time: 0.01
[Licensing::Client] Successfully resolved entitlement details
[Licensing::Module] Licensing Background thread has ended after 3.16s
[Licensing::Module] Licensing is initialized (took 2.65s).
[Licensing::Client] Successfully resolved entitlement details
Library Redirect Path: Library/
[Physics::Module] Selected backend.
[Physics::Module] Name: PhysX
[Physics::Module] Id: 0xf2b8ea05
[Physics::Module] SDK Version: 4.1.2
[Physics::Module] Integration Version: 1.0.0
[Physics::Module] Threading Mode: Multi-Threaded
Initialize engine version: 6000.4.7f1 (f3c3c4248748)
[Subsystems] Discovering subsystems at path C:/Program Files/Unity/Hub/Editor/6000.4.7f1/Editor/Data/Resources/UnitySubsystems
[Subsystems] Discovering subsystems at path D:/MahjongGame/Assets
Forcing GfxDevice: Null
GfxDevice: creating device client; kGfxThreadingModeNonThreaded
NullGfxDevice:
    Version:  NULL 1.0 [1.0]
    Renderer: Null Device
    Vendor:   Unity Technologies
Initialize mono
Mono path[0] = 'C:/Program Files/Unity/Hub/Editor/6000.4.7f1/Editor/Data/Managed'
Mono path[1] = 'C:/Program Files/Unity/Hub/Editor/6000.4.7f1/Editor/Data/MonoBleedingEdge/lib/mono/unityjit-win32'
Mono config path = 'C:/Program Files/Unity/Hub/Editor/6000.4.7f1/Editor/Data/MonoBleedingEdge/etc'
Using monoOptions --debugger-agent=transport=dt_socket,embedding=1,server=y,suspend=n,address=127.0.0.1:56520
CodeReloadManager initialized
Using cacheserver namespaces - metadata:defaultmetadata, artifacts:defaultartifacts
Using cacheserver namespaces - metadata:defaultmetadata, artifacts:defaultartifacts
ImportWorker Server TCP listen port: 0
AcceleratorClientConnectionCallback - disconnected - :0
Begin MonoManager ReloadAssembly
Registering precompiled unity dll's ...
Register platform support module: C:/Program Files/Unity/Hub/Editor/6000.4.7f1/Editor/Data/PlaybackEngines/WindowsStandaloneSupport/UnityEditor.WindowsStandalone.Extensions.dll
Registered in 0.002234 seconds.
Native extension for WindowsStandalone target not found
Package Manager log level set to [2]
ScheduleIndexationOnStartup MainProcess:False IndexOnStartup:True
Mono: successfully reloaded assembly
- Finished resetting the current domain, in  0.640 seconds
Domain Reload Profiling: 1383ms
	BeginReloadAssembly (211ms)
		CreateAndSetChildDomain (32ms)
	RebuildCommonClasses (79ms)
	RebuildNativeTypeToScriptingClass (20ms)
	initialDomainReloadingComplete (97ms)
	LoadAllAssembliesAndSetupDomain (333ms)
		LoadAssemblies (177ms)
		AnalyzeDomain (320ms)
			TypeCache.Refresh (318ms)
				TypeCache.ScanAssembly (294ms)
	FinalizeReload (643ms)
		SetupLoadedEditorAssemblies (0ms)
			InitializePlatformSupportModulesInManaged (93ms)
			BeforeProcessingInitializeOnLoad (129ms)
			ProcessInitializeOnLoadAttributes (147ms)
			ProcessInitializeOnLoadMethodAttributes (135ms)
[Licensing::Client] Successfully resolved entitlement details
Application.AssetDatabase Initial Refresh Start
[Package Manager] Restoring resolved packages state from cache
[Licensing::Client] Successfully resolved entitlement details
[Package Manager] Registered 65 packages:
  Packages from [https://packages.unity.com]:
    com.unity.2d.animation@14.0.4 (location: D:\MahjongGame\Library\PackageCache\com.unity.2d.animation@011d329ac58b)
    com.unity.2d.aseprite@4.0.2 (location: D:\MahjongGame\Library\PackageCache\com.unity.2d.aseprite@ccedfadacc51)
    com.unity.2d.psdimporter@13.0.3 (location: D:\MahjongGame\Library\PackageCache\com.unity.2d.psdimporter@e58d0a2c1d48)
    com.unity.2d.spriteshape@14.0.1 (location: D:\MahjongGame\Library\PackageCache\com.unity.2d.spriteshape@da3647ffbbd7)
    com.unity.2d.tilemap.extras@7.0.1 (location: D:\MahjongGame\Library\PackageCache\com.unity.2d.tilemap.extras@66df903b3633)
    com.unity.2d.tooling@2.0.2 (location: D:\MahjongGame\Library\PackageCache\com.unity.2d.tooling@9d6aff712598)
    com.unity.collab-proxy@2.12.4 (location: D:\MahjongGame\Library\PackageCache\com.unity.collab-proxy@0b1559bcd34e)
    com.unity.ide.rider@3.0.40 (location: D:\MahjongGame\Library\PackageCache\com.unity.ide.rider@e4950c6d131b)
    com.unity.ide.visualstudio@2.0.27 (location: D:\MahjongGame\Library\PackageCache\com.unity.ide.visualstudio@dc1ddd4f09b6)
    com.unity.inputsystem@1.19.0 (location: D:\MahjongGame\Library\PackageCache\com.unity.inputsystem@21a28c3a6c83)
    com.unity.timeline@1.8.12 (location: D:\MahjongGame\Library\PackageCache\com.unity.timeline@8cd8509afae5)
    com.unity.visualscripting@1.9.11 (location: D:\MahjongGame\Library\PackageCache\com.unity.visualscripting@8bed5ad90189)
    com.unity.2d.common@13.0.2 (location: D:\MahjongGame\Library\PackageCache\com.unity.2d.common@edfe77495b67)
    com.unity.mathematics@1.3.3 (location: D:\MahjongGame\Library\PackageCache\com.unity.mathematics@19a9377c4ffa)
    com.unity.searcher@4.9.4 (location: D:\MahjongGame\Library\PackageCache\com.unity.searcher@d45a78918735)
    com.unity.burst@1.8.29 (location: D:\MahjongGame\Library\PackageCache\com.unity.burst@6bb9aca3ef38)
    com.unity.nuget.mono-cecil@1.11.6 (location: D:\MahjongGame\Library\PackageCache\com.unity.nuget.mono-cecil@ecb9724e46ff)
    com.unity.test-framework.performance@3.4.0 (location: D:\MahjongGame\Library\PackageCache\com.unity.test-framework.performance@aa81a99c4a75)
  Built-in packages:
    com.unity.2d.sprite@1.0.0 (location: D:\MahjongGame\Library\PackageCache\com.unity.2d.sprite@929df5adbb1f)
    com.unity.2d.tilemap@1.0.0 (location: D:\MahjongGame\Library\PackageCache\com.unity.2d.tilemap@191c90975efd)
    com.unity.multiplayer.center@1.0.1 (location: D:\MahjongGame\Library\PackageCache\com.unity.multiplayer.center@f01f4ba8d00a)
    com.unity.render-pipelines.universal@17.4.0 (location: D:\MahjongGame\Library\PackageCache\com.unity.render-pipelines.universal@7228970dbdbf)
    com.unity.test-framework@1.6.0 (location: D:\MahjongGame\Library\PackageCache\com.unity.test-framework@76560ee600cb)
    com.unity.ugui@2.0.0 (location: D:\MahjongGame\Library\PackageCache\com.unity.ugui@4dc88464a83d)
    com.unity.modules.accessibility@1.0.0 (location: D:\MahjongGame\Library\PackageCache\com.unity.modules.accessibility)
    com.unity.modules.adaptiveperformance@1.0.0 (location: D:\MahjongGame\Library\PackageCache\com.unity.modules.adaptiveperformance)
    com.unity.modules.ai@1.0.0 (location: D:\MahjongGame\Library\PackageCache\com.unity.modules.ai)
    com.unity.modules.androidjni@1.0.0 (location: D:\MahjongGame\Library\PackageCache\com.unity.modules.androidjni)
    com.unity.modules.animation@1.0.0 (location: D:\MahjongGame\Library\PackageCache\com.unity.modules.animation)
    com.unity.modules.assetbundle@1.0.0 (location: D:\MahjongGame\Library\PackageCache\com.unity.modules.assetbundle)
    com.unity.modules.audio@1.0.0 (location: D:\MahjongGame\Library\PackageCache\com.unity.modules.audio)
    com.unity.modules.cloth@1.0.0 (location: D:\MahjongGame\Library\PackageCache\com.unity.modules.cloth)
    com.unity.modules.director@1.0.0 (location: D:\MahjongGame\Library\PackageCache\com.unity.modules.director)
    com.unity.modules.imageconversion@1.0.0 (location: D:\MahjongGame\Library\PackageCache\com.unity.modules.imageconversion)
    com.unity.modules.imgui@1.0.0 (location: D:\MahjongGame\Library\PackageCache\com.unity.modules.imgui)
    com.unity.modules.jsonserialize@1.0.0 (location: D:\MahjongGame\Library\PackageCache\com.unity.modules.jsonserialize)
    com.unity.modules.particlesystem@1.0.0 (location: D:\MahjongGame\Library\PackageCache\com.unity.modules.particlesystem)
    com.unity.modules.physics@1.0.0 (location: D:\MahjongGame\Library\PackageCache\com.unity.modules.physics)
    com.unity.modules.physics2d@1.0.0 (location: D:\MahjongGame\Library\PackageCache\com.unity.modules.physics2d)
    com.unity.modules.screencapture@1.0.0 (location: D:\MahjongGame\Library\PackageCache\com.unity.modules.screencapture)
    com.unity.modules.terrain@1.0.0 (location: D:\MahjongGame\Library\PackageCache\com.unity.modules.terrain)
    com.unity.modules.terrainphysics@1.0.0 (location: D:\MahjongGame\Library\PackageCache\com.unity.modules.terrainphysics)
    com.unity.modules.tilemap@1.0.0 (location: D:\MahjongGame\Library\PackageCache\com.unity.modules.tilemap)
    com.unity.modules.ui@1.0.0 (location: D:\MahjongGame\Library\PackageCache\com.unity.modules.ui)
    com.unity.modules.uielements@1.0.0 (location: D:\MahjongGame\Library\PackageCache\com.unity.modules.uielements)
    com.unity.modules.umbra@1.0.0 (location: D:\MahjongGame\Library\PackageCache\com.unity.modules.umbra)
    com.unity.modules.unityanalytics@1.0.0 (location: D:\MahjongGame\Library\PackageCache\com.unity.modules.unityanalytics)
    com.unity.modules.unitywebrequest@1.0.0 (location: D:\MahjongGame\Library\PackageCache\com.unity.modules.unitywebrequest)
    com.unity.modules.unitywebrequestassetbundle@1.0.0 (location: D:\MahjongGame\Library\PackageCache\com.unity.modules.unitywebrequestassetbundle)
    com.unity.modules.unitywebrequestaudio@1.0.0 (location: D:\MahjongGame\Library\PackageCache\com.unity.modules.unitywebrequestaudio)
    com.unity.modules.unitywebrequesttexture@1.0.0 (location: D:\MahjongGame\Library\PackageCache\com.unity.modules.unitywebrequesttexture)
    com.unity.modules.unitywebrequestwww@1.0.0 (location: D:\MahjongGame\Library\PackageCache\com.unity.modules.unitywebrequestwww)
    com.unity.modules.vectorgraphics@1.0.0 (location: D:\MahjongGame\Library\PackageCache\com.unity.modules.vectorgraphics)
    com.unity.modules.vehicles@1.0.0 (location: D:\MahjongGame\Library\PackageCache\com.unity.modules.vehicles)
    com.unity.modules.video@1.0.0 (location: D:\MahjongGame\Library\PackageCache\com.unity.modules.video)
    com.unity.modules.vr@1.0.0 (location: D:\MahjongGame\Library\PackageCache\com.unity.modules.vr)
    com.unity.modules.wind@1.0.0 (location: D:\MahjongGame\Library\PackageCache\com.unity.modules.wind)
    com.unity.modules.xr@1.0.0 (location: D:\MahjongGame\Library\PackageCache\com.unity.modules.xr)
    com.unity.modules.subsystems@1.0.0 (location: D:\MahjongGame\Library\PackageCache\com.unity.modules.subsystems)
    com.unity.modules.hierarchycore@1.0.0 (location: D:\MahjongGame\Library\PackageCache\com.unity.modules.hierarchycore)
    com.unity.ext.nunit@2.0.5 (location: D:\MahjongGame\Library\PackageCache\com.unity.ext.nunit@d8c07649098d)
    com.unity.render-pipelines.core@17.4.0 (location: D:\MahjongGame\Library\PackageCache\com.unity.render-pipelines.core@6f62546dd936)
    com.unity.shadergraph@17.4.0 (location: D:\MahjongGame\Library\PackageCache\com.unity.shadergraph@6db99422c248)
    com.unity.render-pipelines.universal-config@17.4.0 (location: D:\MahjongGame\Library\PackageCache\com.unity.render-pipelines.universal-config@0db4263b9e6b)
    com.unity.collections@6.4.0 (location: D:\MahjongGame\Library\PackageCache\com.unity.collections@5b6ebd78ccc0)
[Subsystems] No new subsystems found in resolved package list.
[Package Manager] Done registering packages in 0.04 seconds
The GUID inside 'Assets/Scripts/Session.meta' cannot be extracted by the YAML Parser. Attempting to extract it via string matching instead. Please verify the file does not contain unexpected data.
The GUID inside 'Assets/Scripts/Timer.meta' cannot be extracted by the YAML Parser. Attempting to extract it via string matching instead. Please verify the file does not contain unexpected data.
The .meta file Assets/Scripts/Session.meta does not have a valid GUID and its corresponding Asset file will be ignored. If this file is not malformed, please add a GUID, or delete the .meta file and it will be recreated correctly
The .meta file Assets/Scripts/Timer.meta does not have a valid GUID and its corresponding Asset file will be ignored. If this file is not malformed, please add a GUID, or delete the .meta file and it will be recreated correctly
Starting: C:\Program Files\Unity\Hub\Editor\6000.4.7f1\Editor\Data\Tools\BuildPipeline\bee_backend.exe --ipc --defer-dag-verification --dagfile="Library/Bee/1900b0aE.dag" --continue-on-failure --profile="Library/Bee/backend1.traceevents" ScriptAssemblies
WorkingDir: D:/MahjongGame
DisplayProgressbar: Compiling Scripts
ExitCode: 0 Duration: 0s353ms
[ 854/1101  0s] ILPP-Configuration Library/ilpp-configuration.nevergeneratedoutput
*** Tundra build success (0.31 seconds), 1 items updated, 1101 evaluated
AssetDatabase: script compilation time: 0.916836s
Begin MonoManager ReloadAssembly
Assembly Assembly-CSharp-Editor-firstpass.dll at Library/ScriptAssemblies/Assembly-CSharp-Editor-firstpass.dll not valid. Loading of assembly skipped.
Assembly Assembly-CSharp-firstpass.dll at Library/ScriptAssemblies/Assembly-CSharp-firstpass.dll not valid. Loading of assembly skipped.
Assembly DocCodeExamples.dll at Library/ScriptAssemblies/DocCodeExamples.dll not valid. Loading of assembly skipped.
Assembly TestNewCustomAssembly.dll at Library/ScriptAssemblies/TestNewCustomAssembly.dll not valid. Loading of assembly skipped.
Assembly Unity.2D.Animation.EditorTests.dll at Library/ScriptAssemblies/Unity.2D.Animation.EditorTests.dll not valid. Loading of assembly skipped.
Assembly Unity.2D.Aseprite.EditorTests.dll at Library/ScriptAssemblies/Unity.2D.Aseprite.EditorTests.dll not valid. Loading of assembly skipped.
Assembly Unity.2D.Common.EditorTests.dll at Library/ScriptAssemblies/Unity.2D.Common.EditorTests.dll not valid. Loading of assembly skipped.
Assembly Unity.2D.Psdimporter.EditorTests.dll at Library/ScriptAssemblies/Unity.2D.Psdimporter.EditorTests.dll not valid. Loading of assembly skipped.
Assembly Unity.2D.Sprite.Package.EditorTests.dll at Library/ScriptAssemblies/Unity.2D.Sprite.Package.EditorTests.dll not valid. Loading of assembly skipped.
Assembly Unity.2D.SpriteShape.EditorTests.dll at Library/ScriptAssemblies/Unity.2D.SpriteShape.EditorTests.dll not valid. Loading of assembly skipped.
Assembly Unity.2D.Tilemap.Package.EditorTests.dll at Library/ScriptAssemblies/Unity.2D.Tilemap.Package.EditorTests.dll not valid. Loading of assembly skipped.
Assembly Unity.Collections.BurstCompatibilityGen.dll at Library/ScriptAssemblies/Unity.Collections.BurstCompatibilityGen.dll not valid. Loading of assembly skipped.
Assembly Unity.Collections.DocCodeSamples.dll at Library/ScriptAssemblies/Unity.Collections.DocCodeSamples.dll not valid. Loading of assembly skipped.
Assembly Unity.Collections.PerformanceTests.dll at Library/ScriptAssemblies/Unity.Collections.PerformanceTests.dll not valid. Loading of assembly skipped.
Assembly Unity.Collections.Tests.dll at Library/ScriptAssemblies/Unity.Collections.Tests.dll not valid. Loading of assembly skipped.
Assembly Unity.Collections.Tests.Playmode.dll at Library/ScriptAssemblies/Unity.Collections.Tests.Playmode.dll not valid. Loading of assembly skipped.
Assembly Unity.InputSystem.IntegrationTests.dll at Library/ScriptAssemblies/Unity.InputSystem.IntegrationTests.dll not valid. Loading of assembly skipped.
Assembly Unity.Mathematics.Tests.dll at Library/ScriptAssemblies/Unity.Mathematics.Tests.dll not valid. Loading of assembly skipped.
Assembly Unity.Multiplayer.Center.Editor.Tests.dll at Library/ScriptAssemblies/Unity.Multiplayer.Center.Editor.Tests.dll not valid. Loading of assembly skipped.
Assembly Unity.Multiplayer.Center.Tests.dll at Library/ScriptAssemblies/Unity.Multiplayer.Center.Tests.dll not valid. Loading of assembly skipped.
Assembly Unity.Nuget.Mono-Cecil.dll at Library/ScriptAssemblies/Unity.Nuget.Mono-Cecil.dll not valid. Loading of assembly skipped.
Assembly Unity.PathTracing.Editor.Tests.dll at Library/ScriptAssemblies/Unity.PathTracing.Editor.Tests.dll not valid. Loading of assembly skipped.
Assembly Unity.PathTracing.Runtime.Tests.dll at Library/ScriptAssemblies/Unity.PathTracing.Runtime.Tests.dll not valid. Loading of assembly skipped.
Assembly Unity.RenderPipelines.Core.Editor.Tests.dll at Library/ScriptAssemblies/Unity.RenderPipelines.Core.Editor.Tests.dll not valid. Loading of assembly skipped.
Assembly Unity.RenderPipelines.Core.Runtime.Tests.dll at Library/ScriptAssemblies/Unity.RenderPipelines.Core.Runtime.Tests.dll not valid. Loading of assembly skipped.
Assembly Unity.RenderPipelines.Universal.Config.Editor.Tests.dll at Library/ScriptAssemblies/Unity.RenderPipelines.Universal.Config.Editor.Tests.dll not valid. Loading of assembly skipped.
Assembly Unity.RenderPipelines.Universal.Editor.Tests.dll at Library/ScriptAssemblies/Unity.RenderPipelines.Universal.Editor.Tests.dll not valid. Loading of assembly skipped.
Assembly Unity.RenderPipelines.Universal.Runtime.Tests.dll at Library/ScriptAssemblies/Unity.RenderPipelines.Universal.Runtime.Tests.dll not valid. Loading of assembly skipped.
Assembly Unity.Searcher.EditorTests.dll at Library/ScriptAssemblies/Unity.Searcher.EditorTests.dll not valid. Loading of assembly skipped.
Assembly Unity.ShaderGraph.Editor.Tests.dll at Library/ScriptAssemblies/Unity.ShaderGraph.Editor.Tests.dll not valid. Loading of assembly skipped.
Assembly Unity.TextMeshPro.Editor.Tests.dll at Library/ScriptAssemblies/Unity.TextMeshPro.Editor.Tests.dll not valid. Loading of assembly skipped.
Assembly Unity.TextMeshPro.Tests.dll at Library/ScriptAssemblies/Unity.TextMeshPro.Tests.dll not valid. Loading of assembly skipped.
Assembly Unity.UnifiedRayTracing.Editor.Tests.dll at Library/ScriptAssemblies/Unity.UnifiedRayTracing.Editor.Tests.dll not valid. Loading of assembly skipped.
Assembly UnityEditor.UI.Common.Tests.dll at Library/ScriptAssemblies/UnityEditor.UI.Common.Tests.dll not valid. Loading of assembly skipped.
Assembly UnityEditor.UI.EditorTests.dll at Library/ScriptAssemblies/UnityEditor.UI.EditorTests.dll not valid. Loading of assembly skipped.
Assembly UnityEngine.UI.Tests.dll at Library/ScriptAssemblies/UnityEngine.UI.Tests.dll not valid. Loading of assembly skipped.
Refreshing native plugins compatible for Editor in 2.23 ms, found 5 plugins.
Native extension for WindowsStandalone target not found
Refreshing native plugins compatible for Editor in 2.41 ms, found 5 plugins.
ScheduleIndexationOnStartup MainProcess:True IndexOnStartup:True
Mono: successfully reloaded assembly
- Finished resetting the current domain, in  3.381 seconds
Domain Reload Profiling: 4612ms
	BeginReloadAssembly (378ms)
		DisableScriptedObjects (26ms)
		CreateAndSetChildDomain (157ms)
	RebuildCommonClasses (50ms)
	RebuildNativeTypeToScriptingClass (18ms)
	initialDomainReloadingComplete (79ms)
	LoadAllAssembliesAndSetupDomain (705ms)
		LoadAssemblies (435ms)
		AnalyzeDomain (392ms)
			TypeCache.Refresh (280ms)
				TypeCache.ScanAssembly (262ms)
			BuildScriptInfoCaches (93ms)
			ResolveRequiredComponents (17ms)
	FinalizeReload (3382ms)
		SetupLoadedEditorAssemblies (0ms)
			InitializePlatformSupportModulesInManaged (29ms)
			BeforeProcessingInitializeOnLoad (242ms)
			ProcessInitializeOnLoadAttributes (2496ms)
			ProcessInitializeOnLoadMethodAttributes (289ms)
			AfterProcessingInitializeOnLoad (7ms)
		AwakeInstancesAfterBackupRestoration (23ms)
(Values over 0.050ms)
Asset Pipeline Refresh (id=a300b3e92ca6d0a41ae9e0c5aeec4f3d): Total: 6.417 seconds - Initiated by InitialRefreshV2(ForceSynchronousImport)
	Summary:
		Imports: total=0 (actual=0, local cache=0, cache server=0)
		Asset DB Process Time: managed=0 ms, native=4076 ms
		Asset DB Callback time: managed=56 ms, native=45 ms
		Scripting: domain reloads=1, domain reload time=1234 ms, compile time=919 ms, other=82 ms
		Project Asset Count: scripts=1582, non-scripts=3203
		Asset File Changes: new=0, changed=0, moved=0, deleted=0
		Scan Filter Count: 0
	InvokePackagesCallback: 47.234ms
	ApplyChangesToAssetFolders: 0.928ms
	Scan: 143.970ms
	CategorizeScriptCompilationAssets: 97.832ms
	ProcessAssetsWithTransientArtifactChanges: 115.188ms
	CategorizeAssets: 72.185ms
	CompileScripts: 918.894ms
	ImportOutOfDateAssets: 3399.654ms (3395.334ms without children)
		UnloadImportedAssets: 2.129ms
		EnsureUptoDateAssetsAreRegisteredWithGuidPM: 1.379ms
		OnDemandSchedulerStart: 0.760ms
	PostProcessAllAssets: 56.602ms
		MonoPostProcessAllAssets: 56.524ms
			UniversalRenderPipelineGlobalSettingsPostprocessor.OnPostprocessAllAssets 16.727ms
			SyncVS.PostprocessSyncProject 12.878ms
			ReferencedClipsPostProcessor.OnPostprocessAllAssets 3.792ms
			SpeedTree9Postprocessor.OnPostprocessAllAssets 3.557ms
			WindowAssetPostprocessingWatcher.OnPostprocessAllAssets 2.979ms
			RenderPipelineGlobalSettingsPostprocessor.OnPostprocessAllAssets 1.072ms
			InputActionAssetPostprocessor.OnPostprocessAllAssets 0.352ms
			AssetDatabaseCallbacks.OnPostprocessAllAssets 0.342ms
			ProjectSettingsPostprocessor.OnPostprocessAllAssets 0.293ms
			TerrainToolbarOverlayPostProcessor.OnPostprocessAllAssets 0.284ms
	UnloadStreamsBegin: 3.086ms
	PersistCurrentRevisions: 0.180ms
	GenerateScriptTypeHashes: 3.993ms
	GenerateScriptTypeSerializationHashes: 7.306ms
	Untracked: 1556.226ms

Application.AssetDatabase Initial Refresh End
Shader Hidden/ChartRasterizerHardware is not supported: GPU does not support conservative rasterization
Shader Hidden/ChartRasterizerHardware is not supported: GPU does not support conservative rasterization
Scanning for USB devices : 1.213ms
Initializing Unity extensions:
[MODES] ModeService[none].Initialize
[MODES] ModeService[none].LoadModes
[MODES] Loading mode Default (0) for mode-current-id-MahjongGame
Unloading 75 Unused Serialized files (Serialized files now loaded: 0)
Unloading 7672 unused Assets / (13.3 MB). Loaded Objects now: 8435.
Memory consumption went from 220.0 MB to 206.7 MB.
Total: 22.570000 ms (FindLiveObjects: 1.207200 ms CreateObjectMapping: 1.608800 ms MarkObjects: 8.351300 ms  DeleteObjects: 11.395900 ms)

Opening scene 'Assets/Scenes/GameScene.unity'
Unloading 3 Unused Serialized files (Serialized files now loaded: 0)
Loaded scene 'Assets/Scenes/GameScene.unity'
	Deserialize:            13.157 ms
	Integration:            244.377 ms
	Integration of assets:  6.199 ms
	Thread Wait Time:       0.019 ms
	Total Operation Time:   263.752 ms
Unloading 4 unused Assets / (5.5 KB). Loaded Objects now: 8526.
Memory consumption went from 191.2 MB to 191.2 MB.
Total: 8.497600 ms (FindLiveObjects: 0.778400 ms CreateObjectMapping: 0.630600 ms MarkObjects: 7.008600 ms  DeleteObjects: 0.078300 ms)

Can't destroy Transform component of 'Canvas_Game'. If you want to destroy the game object, please call 'Destroy' on the game object instead. Destroying the transform component is not allowed.
UnityEngine.Debug:ExtractStackTraceNoAlloc (byte*,int,string)
UnityEngine.StackTraceUtility:ExtractStackTrace ()
UnityEngine.Object:DestroyImmediate (UnityEngine.Object,bool)
UnityEngine.Object:DestroyImmediate (UnityEngine.Object)
MahjongGame.UI.PerformanceScreenController:EnsureCanvas (UnityEngine.Transform) (at Assets/Scripts/UI/PerformanceScreenController.cs:381)
MahjongGame.UI.PerformanceScreenController:BuildLayout () (at Assets/Scripts/UI/PerformanceScreenController.cs:114)
MahjongGame.Editor.PerformanceScreenBuilder:BuildPerformanceScreen () (at Assets/Editor/PerformanceScreenBuilder.cs:65)

[Assets/Scripts/UI/PerformanceScreenController.cs line 114]

Start importing Assets/Scenes/GameScene.unity using Guid(c0bbe31634d44cc8b6f88bfff2ad2c3e) (DefaultImporter) -> (Import Result ID: 'd088ee8a89d5e61c915c9ea03a42c4eb') in 0.0129817 seconds [static dependencies only]. Details - ImportResultOutputID=803e7c32cd6649bfd74974787601c247 DependenciesID=c231731842085ae0eb95288c748e7bda StaticDependenciesID=390708ee90ec7cc78a56bcbdd016eeea 
Refreshing native plugins compatible for Editor in 2.07 ms, found 5 plugins.
(Values over 0.050ms)
Asset Pipeline Refresh (id=c607a646a9a3e1344a385b872680ae9d): Total: 0.323 seconds - Initiated by StopAssetImportingV2(NoUpdateAssetOptions)
	Summary:
		Imports: total=1 (actual=1, local cache=0, cache server=0)
		Asset DB Process Time: managed=5 ms, native=89 ms
		Asset DB Callback time: managed=218 ms, native=8 ms
		Scripting: domain reloads=0, domain reload time=0 ms, compile time=0 ms, other=0 ms
		Project Asset Count: scripts=1582, non-scripts=3203
		Asset File Changes: new=0, changed=1, moved=0, deleted=0
		Scan Filter Count: 3
	ApplyChangesToAssetFolders: 0.203ms
	Scan: 24.473ms
	OnSourceAssetsModified: 1.546ms
	ProcessAssetsWithTransientArtifactChanges: 0.183ms
	CategorizeAssets: 45.071ms
	ImportOutOfDateAssets: 16.489ms (0.423ms without children)
		ImportManagerImport: 14.640ms (1.295ms without children)
		UnloadImportedAssets: 0.233ms
		EnsureUptoDateAssetsAreRegisteredWithGuidPM: 0.666ms
		OnDemandSchedulerStart: 0.493ms
	PostProcessAllAssets: 221.645ms
		XRBuildSystem.XRAssetImported 2.746ms
		MonoPostProcessAllAssets: 218.107ms
			AssetPostprocessor.OnPostprocessAllAssets 159.527ms
			StyleCatalogPostProcessor.OnPostprocessAllAssets 27.215ms
			BuilderAssetPostprocessor.OnPostprocessAllAssets 8.022ms
			ShaderGraphAssetPostProcessor.OnPostprocessAllAssets 2.780ms
			RetainedModeAssetPostprocessor.OnPostprocessAllAssets 1.970ms
			AssetProcessor.OnPostprocessAllAssets 1.950ms
			AssetChangedListener.OnPostprocessAllAssets 1.851ms
			SyncVS.PostprocessSyncProject 1.220ms
			SpriteEditorTexturePostprocessor.OnPostprocessAllAssets 1.155ms
			SpriteShapeAssetPostProcessor.OnPostprocessAllAssets 0.716ms
			MaterialPostprocessor.OnPostprocessAllAssets 0.689ms
			ArtifactBrowserPostProcessor.OnPostprocessAllAssets 0.598ms
			TextAssetPostProcessor.OnPostprocessAllAssets 0.487ms
			PostProcessor.OnPostprocessAllAssets 0.465ms
			UVCSAssetPostprocessor.OnPostprocessAllAssets 0.455ms
			InputActionJsonNameModifierAssetProcessor.OnPostprocessAllAssets 0.427ms
			SpriteLibraryAssetPostprocessor.OnPostprocessAllAssets 0.417ms
			AudioMixerPostprocessor.OnPostprocessAllAssets 0.393ms
			TMPro_TexturePostProcessor.OnPostprocessAllAssets 0.388ms
			SamplePostprocessor.OnPostprocessAllAssets 0.334ms
			AssetEvents.OnPostprocessAllAssets 0.315ms
			PSDImportPostProcessor.OnPostprocessAllAssets 0.294ms
			SpeedTreePostProcessor.OnPostprocessAllAssets 0.263ms
			ConfigAssetsTracker.OnPostprocessAllAssets 0.245ms
			PSDImporterAssetPostProcessor.OnPostprocessAllAssets 0.188ms
			ScenarioDriftAssetsTracker.OnPostprocessAllAssets 0.157ms
			InputActionAssetPostprocessor.OnPostprocessAllAssets 0.108ms
			RenderPipelineGlobalSettingsPostprocessor.OnPostprocessAllAssets 0.086ms
			AudioContainerPostProcessor.OnPostprocessAllAssets 0.085ms
	PostAssetChangesProfiler: 3.914ms
	GatherAllCurrentPrimaryImportResultRevisions: 0.752ms
	UnloadStreamsBegin: 0.067ms
	PersistCurrentRevisions: 0.476ms
	Untracked: 8.496ms

[PerformanceScreenBuilder] Performance screen wired on GameScene.
UnityEngine.Debug:ExtractStackTraceNoAlloc (byte*,int,string)
UnityEngine.StackTraceUtility:ExtractStackTrace ()
UnityEngine.DebugLogHandler:Internal_Log (UnityEngine.LogType,UnityEngine.LogOption,string,UnityEngine.Object)
UnityEngine.DebugLogHandler:LogFormat (UnityEngine.LogType,UnityEngine.Object,string,object[])
UnityEngine.Logger:Log (UnityEngine.LogType,object)
UnityEngine.Debug:Log (object)
MahjongGame.Editor.PerformanceScreenBuilder:BuildPerformanceScreen () (at Assets/Editor/PerformanceScreenBuilder.cs:70)

(Filename: Assets/Editor/PerformanceScreenBuilder.cs Line: 70)

Batchmode quit successfully invoked - shutting down!
[Physics::Module] Cleanup current backend.
[Physics::Module] Id: 0xf2b8ea05
Input System module state changed to: ShutdownInProgress.
Input Polling Thread exited.
Input System module state changed to: Shutdown.
[Licensing::IpcConnector] LicenseClient-Omer Avar-6000.4.7-notifications channel disconnected successfully.
[Licensing::IpcConnector] LicenseClient-Omer Avar-6000.4.7 channel disconnected successfully.
AcceleratorClientConnectionCallback - disconnected - :0
Cleanup mono
CodeReloadManager destroyed
Exiting batchmode successfully now!
Exiting without the bug reporter. Application will terminate with return code 0