[Licensing::Module] Trying to connect to existing licensing client channel...
Built from '6000.4/staging' branch; Version is '6000.4.7f1 (f3c3c4248748) revision 15975364'; Using compiler version '194234433'; Build Type 'Release'
OS: 'Windows 11  (10.0.26200) Professional' Language: 'tr' Physical Memory: 8029 MB
[Licensing::IpcConnector] Successfully connected to: "LicenseClient-Omer Avar" at "2026-06-01T20:34:10.7446698Z"
BatchMode: 1, IsHumanControllingUs: 0, StartBugReporterOnCrash: 0, Is64bit: 1
System  architecture: x64
Process architecture: x64
Date: 2026-06-01T20:34:10Z

COMMAND LINE ARGUMENTS:
C:\Program Files\Unity\Hub\Editor\6000.4.7f1\Editor\Unity.exe
-batchmode
-nographics
-quit
-projectPath
D:\MahjongGame
-logFile
D:\MahjongGame\compile-preflight-174.log
Successfully changed project path to: D:\MahjongGame
D:/MahjongGame
[UnityMemory] Configuration Parameters - Can be set up in boot.config
    "memorysetup-temp-allocator-size-gi-baking-worker=262144"
    "memorysetup-temp-allocator-size-gi-baking-worker=262144"
    "memorysetup-temp-allocator-size-gi-baking-worker=262144"
    "memorysetup-temp-allocator-size-gi-baking-worker=262144"
    "memorysetup-temp-allocator-size-gi-baking-worker=262144"
    "memorysetup-temp-allocator-size-nav-mesh-worker=65536"
    "memorysetup-temp-allocator-size-audio-worker=65536"
    "memorysetup-temp-allocator-size-cloud-worker=32768"
    "memorysetup-temp-allocator-size-gfx=262144"
    "memorysetup-temp-allocator-size-preload-manager=33554432"
    "memorysetup-temp-allocator-size-job-worker=262144"
    "memorysetup-temp-allocator-size-background-worker=32768"
    "memorysetup-allocator-temp-initial-block-size-main=262144"
    "memorysetup-allocator-temp-initial-block-size-worker=262144"
    "memorysetup-bucket-allocator-granularity=16"
    "memorysetup-bucket-allocator-bucket-count=8"
    "memorysetup-bucket-allocator-block-size=33554432"
    "memorysetup-bucket-allocator-block-count=8"
    "memorysetup-main-allocator-block-size=16777216"
    "memorysetup-thread-allocator-block-size=16777216"
    "memorysetup-gfx-main-allocator-block-size=16777216"
    "memorysetup-gfx-thread-allocator-block-size=16777216"
    "memorysetup-cache-allocator-block-size=4194304"
    "memorysetup-typetree-allocator-block-size=2097152"
    "memorysetup-profiler-bucket-allocator-granularity=16"
    "memorysetup-profiler-bucket-allocator-bucket-count=8"
    "memorysetup-profiler-bucket-allocator-block-size=33554432"
    "memorysetup-profiler-bucket-allocator-block-count=8"
    "memorysetup-profiler-allocator-block-size=16777216"
    "memorysetup-profiler-editor-allocator-block-size=1048576"
    "memorysetup-temp-allocator-size-main=16777216"
    "memorysetup-job-temp-allocator-block-size=2097152"
    "memorysetup-job-temp-allocator-block-size-background=1048576"
    "memorysetup-job-temp-allocator-reduction-small-platforms=262144"
Player connection [20120]  Target information:

Player connection [20120]  * "[IP] 192.168.1.124 [Port] 55504 [Flags] 2 [Guid] 3123582189 [EditorId] 3123582189 [Version] 1048832 [Id] WindowsEditor(7,OmerAvar) [Debug] 1 [PackageName] WindowsEditor [ProjectName] Editor" 

Player connection [20120] Host joined multi-casting on [225.0.0.222:54997]...
Player connection [20120] Host joined alternative multi-casting on [225.0.0.222:34997]...
Input System module state changed to: Initialized.
[Physics::Module] Initialized fallback backend.
[Physics::Module] Id: 0xdecafbad
[Licensing::Client] Error: HandshakeResponse reported an error:
	ResponseCode: 505
	ResponseStatus: Unsupported protocol version '1.18.1'.
[Licensing::Module] Error: Failed to handshake to channel: "LicenseClient-Omer Avar"
[Licensing::IpcConnector] LicenseClient-Omer Avar channel disconnected successfully.
[Licensing::IpcConnector] Channel LicenseClient-Omer Avar-6000.4.7 doesn't exist
[Licensing::Module] Successfully launched the LicensingClient (PId: 12752)
[Package Manager] Connected to IPC stream "Upm-2072" after 0.5 seconds.
[Licensing::Module] Licensing is not yet initialized.
[Licensing::IpcConnector] Successfully connected to: "LicenseClient-Omer Avar-6000.4.7" at "2026-06-01T20:34:14.1808364Z"
[Licensing::Client] Code 10 while verifying Licensing Client signature (process Id: 12752, path: "C:/Program Files/Unity/Hub/Editor/6000.4.7f1/Editor/Data/Resources/Licensing/Client/Unity.Licensing.Client.exe")
[Licensing::Module] LicensingClient has failed validation; ignoring
[Licensing::Client] Handshaking with LicensingClient:
  Version:                 1.18.1+9fbee8e
  Session Id:              e9af06fb91b24abbacfa7d9ebfe0f1f3
  Correlation Id:          0d9cfbbd21f0467da90c4c43238f2abf
  External correlation Id: 791710965076834958
  Machine Id:              1JW6h006V6e30suiqZEd3XsVnTE=
[Licensing::Module] Successfully connected to LicensingClient on channel: "LicenseClient-Omer Avar-6000.4.7" (connect: 0.86s, validation: 0.29s, handshake: 0.02s)
[Licensing::IpcConnector] Successfully connected to: "LicenseClient-Omer Avar-6000.4.7-notifications" at "2026-06-01T20:34:14.4864471Z"
[Licensing::Module] Connected to LicensingClient (PId: 12752, launch time: 0.01, total connection time: 1.16s)
[Licensing::Module] Error: Access token is unavailable; failed to update
[Licensing::Client] Successfully resolved entitlement details
[Licensing::Module] License group:
  Id: 18968433548162-UnityPersXXXX
  Product: Unity Personal
  Type: Assigned
  Expiration: Unlimited
[Licensing::Client] Successfully updated license, isAsync: True, time: 0.03
[Licensing::Client] Successfully resolved entitlement details
[Licensing::Module] Licensing Background thread has ended after 3.88s
[Licensing::Module] Licensing is initialized (took 0.85s).
[Licensing::Client] Successfully resolved entitlement details
Library Redirect Path: Library/
[Physics::Module] Selected backend.
[Physics::Module] Name: PhysX
[Physics::Module] Id: 0xf2b8ea05
[Physics::Module] SDK Version: 4.1.2
[Physics::Module] Integration Version: 1.0.0
[Physics::Module] Threading Mode: Multi-Threaded
Artifact Garbage Collection - Removed 1 unused hashed content files
Initialize engine version: 6000.4.7f1 (f3c3c4248748)
[Subsystems] Discovering subsystems at path C:/Program Files/Unity/Hub/Editor/6000.4.7f1/Editor/Data/Resources/UnitySubsystems
[Subsystems] Discovering subsystems at path D:/MahjongGame/Assets
Forcing GfxDevice: Null
GfxDevice: creating device client; kGfxThreadingModeNonThreaded
NullGfxDevice:
    Version:  NULL 1.0 [1.0]
    Renderer: Null Device
    Vendor:   Unity Technologies
Initialize mono
Mono path[0] = 'C:/Program Files/Unity/Hub/Editor/6000.4.7f1/Editor/Data/Managed'
Mono path[1] = 'C:/Program Files/Unity/Hub/Editor/6000.4.7f1/Editor/Data/MonoBleedingEdge/lib/mono/unityjit-win32'
Mono config path = 'C:/Program Files/Unity/Hub/Editor/6000.4.7f1/Editor/Data/MonoBleedingEdge/etc'
Using monoOptions --debugger-agent=transport=dt_socket,embedding=1,server=y,suspend=n,address=127.0.0.1:56072
CodeReloadManager initialized
Using cacheserver namespaces - metadata:defaultmetadata, artifacts:defaultartifacts
Using cacheserver namespaces - metadata:defaultmetadata, artifacts:defaultartifacts
ImportWorker Server TCP listen port: 0
AcceleratorClientConnectionCallback - disconnected - :0
Begin MonoManager ReloadAssembly
Registering precompiled unity dll's ...
Register platform support module: C:/Program Files/Unity/Hub/Editor/6000.4.7f1/Editor/Data/PlaybackEngines/WindowsStandaloneSupport/UnityEditor.WindowsStandalone.Extensions.dll
Registered in 0.007862 seconds.
Native extension for WindowsStandalone target not found
Package Manager log level set to [2]
ScheduleIndexationOnStartup MainProcess:False IndexOnStartup:True
Mono: successfully reloaded assembly
- Finished resetting the current domain, in  1.911 seconds
Domain Reload Profiling: 3593ms
	BeginReloadAssembly (441ms)
		CreateAndSetChildDomain (12ms)
	RebuildCommonClasses (135ms)
	RebuildNativeTypeToScriptingClass (49ms)
	initialDomainReloadingComplete (355ms)
	LoadAllAssembliesAndSetupDomain (693ms)
		LoadAssemblies (412ms)
		AnalyzeDomain (665ms)
			TypeCache.Refresh (661ms)
				TypeCache.ScanAssembly (615ms)
	FinalizeReload (1920ms)
		SetupLoadedEditorAssemblies (0ms)
			InitializePlatformSupportModulesInManaged (154ms)
			BeforeProcessingInitializeOnLoad (393ms)
			ProcessInitializeOnLoadAttributes (786ms)
			ProcessInitializeOnLoadMethodAttributes (375ms)
[Licensing::Client] Successfully resolved entitlement details
Application.AssetDatabase Initial Refresh Start
[Package Manager] Restoring resolved packages state from cache
[Licensing::Client] Successfully resolved entitlement details
[Package Manager] Registered 65 packages:
  Packages from [https://packages.unity.com]:
    com.unity.2d.animation@14.0.4 (location: D:\MahjongGame\Library\PackageCache\com.unity.2d.animation@011d329ac58b)
    com.unity.2d.aseprite@4.0.2 (location: D:\MahjongGame\Library\PackageCache\com.unity.2d.aseprite@ccedfadacc51)
    com.unity.2d.psdimporter@13.0.3 (location: D:\MahjongGame\Library\PackageCache\com.unity.2d.psdimporter@e58d0a2c1d48)
    com.unity.2d.spriteshape@14.0.1 (location: D:\MahjongGame\Library\PackageCache\com.unity.2d.spriteshape@da3647ffbbd7)
    com.unity.2d.tilemap.extras@7.0.1 (location: D:\MahjongGame\Library\PackageCache\com.unity.2d.tilemap.extras@66df903b3633)
    com.unity.2d.tooling@2.0.2 (location: D:\MahjongGame\Library\PackageCache\com.unity.2d.tooling@9d6aff712598)
    com.unity.collab-proxy@2.12.4 (location: D:\MahjongGame\Library\PackageCache\com.unity.collab-proxy@0b1559bcd34e)
    com.unity.ide.rider@3.0.40 (location: D:\MahjongGame\Library\PackageCache\com.unity.ide.rider@e4950c6d131b)
    com.unity.ide.visualstudio@2.0.27 (location: D:\MahjongGame\Library\PackageCache\com.unity.ide.visualstudio@dc1ddd4f09b6)
    com.unity.inputsystem@1.19.0 (location: D:\MahjongGame\Library\PackageCache\com.unity.inputsystem@21a28c3a6c83)
    com.unity.timeline@1.8.12 (location: D:\MahjongGame\Library\PackageCache\com.unity.timeline@8cd8509afae5)
    com.unity.visualscripting@1.9.11 (location: D:\MahjongGame\Library\PackageCache\com.unity.visualscripting@8bed5ad90189)
    com.unity.2d.common@13.0.2 (location: D:\MahjongGame\Library\PackageCache\com.unity.2d.common@edfe77495b67)
    com.unity.mathematics@1.3.3 (location: D:\MahjongGame\Library\PackageCache\com.unity.mathematics@19a9377c4ffa)
    com.unity.searcher@4.9.4 (location: D:\MahjongGame\Library\PackageCache\com.unity.searcher@d45a78918735)
    com.unity.burst@1.8.29 (location: D:\MahjongGame\Library\PackageCache\com.unity.burst@6bb9aca3ef38)
    com.unity.nuget.mono-cecil@1.11.6 (location: D:\MahjongGame\Library\PackageCache\com.unity.nuget.mono-cecil@ecb9724e46ff)
    com.unity.test-framework.performance@3.4.0 (location: D:\MahjongGame\Library\PackageCache\com.unity.test-framework.performance@aa81a99c4a75)
  Built-in packages:
    com.unity.2d.sprite@1.0.0 (location: D:\MahjongGame\Library\PackageCache\com.unity.2d.sprite@929df5adbb1f)
    com.unity.2d.tilemap@1.0.0 (location: D:\MahjongGame\Library\PackageCache\com.unity.2d.tilemap@191c90975efd)
    com.unity.multiplayer.center@1.0.1 (location: D:\MahjongGame\Library\PackageCache\com.unity.multiplayer.center@f01f4ba8d00a)
    com.unity.render-pipelines.universal@17.4.0 (location: D:\MahjongGame\Library\PackageCache\com.unity.render-pipelines.universal@7228970dbdbf)
    com.unity.test-framework@1.6.0 (location: D:\MahjongGame\Library\PackageCache\com.unity.test-framework@76560ee600cb)
    com.unity.ugui@2.0.0 (location: D:\MahjongGame\Library\PackageCache\com.unity.ugui@4dc88464a83d)
    com.unity.modules.accessibility@1.0.0 (location: D:\MahjongGame\Library\PackageCache\com.unity.modules.accessibility)
    com.unity.modules.adaptiveperformance@1.0.0 (location: D:\MahjongGame\Library\PackageCache\com.unity.modules.adaptiveperformance)
    com.unity.modules.ai@1.0.0 (location: D:\MahjongGame\Library\PackageCache\com.unity.modules.ai)
    com.unity.modules.androidjni@1.0.0 (location: D:\MahjongGame\Library\PackageCache\com.unity.modules.androidjni)
    com.unity.modules.animation@1.0.0 (location: D:\MahjongGame\Library\PackageCache\com.unity.modules.animation)
    com.unity.modules.assetbundle@1.0.0 (location: D:\MahjongGame\Library\PackageCache\com.unity.modules.assetbundle)
    com.unity.modules.audio@1.0.0 (location: D:\MahjongGame\Library\PackageCache\com.unity.modules.audio)
    com.unity.modules.cloth@1.0.0 (location: D:\MahjongGame\Library\PackageCache\com.unity.modules.cloth)
    com.unity.modules.director@1.0.0 (location: D:\MahjongGame\Library\PackageCache\com.unity.modules.director)
    com.unity.modules.imageconversion@1.0.0 (location: D:\MahjongGame\Library\PackageCache\com.unity.modules.imageconversion)
    com.unity.modules.imgui@1.0.0 (location: D:\MahjongGame\Library\PackageCache\com.unity.modules.imgui)
    com.unity.modules.jsonserialize@1.0.0 (location: D:\MahjongGame\Library\PackageCache\com.unity.modules.jsonserialize)
    com.unity.modules.particlesystem@1.0.0 (location: D:\MahjongGame\Library\PackageCache\com.unity.modules.particlesystem)
    com.unity.modules.physics@1.0.0 (location: D:\MahjongGame\Library\PackageCache\com.unity.modules.physics)
    com.unity.modules.physics2d@1.0.0 (location: D:\MahjongGame\Library\PackageCache\com.unity.modules.physics2d)
    com.unity.modules.screencapture@1.0.0 (location: D:\MahjongGame\Library\PackageCache\com.unity.modules.screencapture)
    com.unity.modules.terrain@1.0.0 (location: D:\MahjongGame\Library\PackageCache\com.unity.modules.terrain)
    com.unity.modules.terrainphysics@1.0.0 (location: D:\MahjongGame\Library\PackageCache\com.unity.modules.terrainphysics)
    com.unity.modules.tilemap@1.0.0 (location: D:\MahjongGame\Library\PackageCache\com.unity.modules.tilemap)
    com.unity.modules.ui@1.0.0 (location: D:\MahjongGame\Library\PackageCache\com.unity.modules.ui)
    com.unity.modules.uielements@1.0.0 (location: D:\MahjongGame\Library\PackageCache\com.unity.modules.uielements)
    com.unity.modules.umbra@1.0.0 (location: D:\MahjongGame\Library\PackageCache\com.unity.modules.umbra)
    com.unity.modules.unityanalytics@1.0.0 (location: D:\MahjongGame\Library\PackageCache\com.unity.modules.unityanalytics)
    com.unity.modules.unitywebrequest@1.0.0 (location: D:\MahjongGame\Library\PackageCache\com.unity.modules.unitywebrequest)
    com.unity.modules.unitywebrequestassetbundle@1.0.0 (location: D:\MahjongGame\Library\PackageCache\com.unity.modules.unitywebrequestassetbundle)
    com.unity.modules.unitywebrequestaudio@1.0.0 (location: D:\MahjongGame\Library\PackageCache\com.unity.modules.unitywebrequestaudio)
    com.unity.modules.unitywebrequesttexture@1.0.0 (location: D:\MahjongGame\Library\PackageCache\com.unity.modules.unitywebrequesttexture)
    com.unity.modules.unitywebrequestwww@1.0.0 (location: D:\MahjongGame\Library\PackageCache\com.unity.modules.unitywebrequestwww)
    com.unity.modules.vectorgraphics@1.0.0 (location: D:\MahjongGame\Library\PackageCache\com.unity.modules.vectorgraphics)
    com.unity.modules.vehicles@1.0.0 (location: D:\MahjongGame\Library\PackageCache\com.unity.modules.vehicles)
    com.unity.modules.video@1.0.0 (location: D:\MahjongGame\Library\PackageCache\com.unity.modules.video)
    com.unity.modules.vr@1.0.0 (location: D:\MahjongGame\Library\PackageCache\com.unity.modules.vr)
    com.unity.modules.wind@1.0.0 (location: D:\MahjongGame\Library\PackageCache\com.unity.modules.wind)
    com.unity.modules.xr@1.0.0 (location: D:\MahjongGame\Library\PackageCache\com.unity.modules.xr)
    com.unity.modules.subsystems@1.0.0 (location: D:\MahjongGame\Library\PackageCache\com.unity.modules.subsystems)
    com.unity.modules.hierarchycore@1.0.0 (location: D:\MahjongGame\Library\PackageCache\com.unity.modules.hierarchycore)
    com.unity.ext.nunit@2.0.5 (location: D:\MahjongGame\Library\PackageCache\com.unity.ext.nunit@d8c07649098d)
    com.unity.render-pipelines.core@17.4.0 (location: D:\MahjongGame\Library\PackageCache\com.unity.render-pipelines.core@6f62546dd936)
    com.unity.shadergraph@17.4.0 (location: D:\MahjongGame\Library\PackageCache\com.unity.shadergraph@6db99422c248)
    com.unity.render-pipelines.universal-config@17.4.0 (location: D:\MahjongGame\Library\PackageCache\com.unity.render-pipelines.universal-config@0db4263b9e6b)
    com.unity.collections@6.4.0 (location: D:\MahjongGame\Library\PackageCache\com.unity.collections@5b6ebd78ccc0)
[Subsystems] No new subsystems found in resolved package list.
[Package Manager] Done registering packages in 0.07 seconds
The GUID inside 'Assets/Scripts/Timer.meta' cannot be extracted by the YAML Parser. Attempting to extract it via string matching instead. Please verify the file does not contain unexpected data.
The GUID inside 'Assets/Scripts/Session.meta' cannot be extracted by the YAML Parser. Attempting to extract it via string matching instead. Please verify the file does not contain unexpected data.
The .meta file Assets/Scripts/Session.meta does not have a valid GUID and its corresponding Asset file will be ignored. If this file is not malformed, please add a GUID, or delete the .meta file and it will be recreated correctly
The .meta file Assets/Scripts/Timer.meta does not have a valid GUID and its corresponding Asset file will be ignored. If this file is not malformed, please add a GUID, or delete the .meta file and it will be recreated correctly
[ScriptCompilation] Requested script compilation because: AssetDatabase observed changes in script compilation related files
Starting: C:\Program Files\Unity\Hub\Editor\6000.4.7f1\Editor\Data\Tools\BuildPipeline\bee_backend.exe --ipc --defer-dag-verification --dagfile="Library/Bee/1900b0aE.dag" --continue-on-failure --profile="Library/Bee/backend1.traceevents" ScriptAssemblies
WorkingDir: D:/MahjongGame
DisplayProgressbar: Compiling Scripts
Starting: C:\Program Files\Unity\Hub\Editor\6000.4.7f1\Editor\Data\netcorerun\netcorerun.exe "C:\Program Files\Unity\Hub\Editor\6000.4.7f1\Editor\Data\Tools\BuildPipeline\ScriptCompilationBuildProgram.exe" "Library/Bee/1900b0aE.dag.json" "Library/Bee/1900b0aE-inputdata.json" "Library\Bee\buildprogram0.traceevents"
WorkingDir: D:/MahjongGame
ExitCode: 4 Duration: 6s696ms
Rebuilding DAG because FileSignature timestamp changed: Library/Bee/1900b0aE-inputdata.json
[ 852/1101  0s] ILPP-Configuration Library/ilpp-configuration.nevergeneratedoutput
[BUSY       6s] Csc Library/Bee/artifacts/1900b0aE.dag/Assembly-CSharp.dll (+2 others)
[ 853/1101  6s] Csc Library/Bee/artifacts/1900b0aE.dag/Assembly-CSharp.dll (+2 others)
Assets\Scripts\ClosedTiles\ClosedTileSystemValidator.cs(96,17): warning CS0162: Unreachable code detected

Assets\Scripts\BoardGeneration\VisualVarietySystemValidator.cs(100,17): warning CS0162: Unreachable code detected

Assets\Scripts\Boosters\BoosterEconomySystemValidator.cs(91,17): warning CS0162: Unreachable code detected

Assets\Scripts\Boosters\BoosterEconomySystemValidator.cs(101,17): warning CS0162: Unreachable code detected

Assets\Scripts\Boosters\BoosterEconomySystemValidator.cs(113,17): warning CS0162: Unreachable code detected

Assets\Scripts\Rewards\JokerSystemValidator.cs(131,17): warning CS0162: Unreachable code detected

Assets\Scripts\Score\ScoreSystemValidator.cs(145,17): warning CS0162: Unreachable code detected

Assets\Scripts\Score\ScoreSystemValidator.cs(153,17): warning CS0162: Unreachable code detected

Assets\Scripts\BoardGeneration\GridMaskSystemValidator.cs(35,17): warning CS0162: Unreachable code detected

Assets\Scripts\BoardGeneration\GridMaskSystemValidator.cs(41,17): warning CS0162: Unreachable code detected
*** Tundra requires additional run (6.58 seconds), 2 items updated, 851 evaluated
ExitCode: 0 Duration: 2s401ms
Starting: C:\Program Files\Unity\Hub\Editor\6000.4.7f1\Editor\Data\Tools\BuildPipeline\bee_backend.exe --ipc --defer-dag-verification --dagfile="Library/Bee/1900b0aE.dag" --continue-on-failure --dagfilejson="Library\Bee\1900b0aE.dag.json" --profile="Library/Bee/backend2.traceevents" ScriptAssemblies
WorkingDir: D:/MahjongGame
ExitCode: 0 Duration: 6s728ms
Finished compiling graph: 1104 nodes, 21623 flattened edges (17695 ToBuild, 176 ToUse), maximum node priority 1266
[ 591/1101  0s] WriteText Library/Bee/artifacts/1900b0aE.dag/Assembly-CSharp.rsp
[ 852/1101  0s] ILPP-Configuration Library/ilpp-configuration.nevergeneratedoutput
[1093/1101  2s] Csc Library/Bee/artifacts/1900b0aE.dag/Assembly-CSharp.dll (+2 others)
Assets\Scripts\ClosedTiles\ClosedTileSystemValidator.cs(96,17): warning CS0162: Unreachable code detected

Assets\Scripts\BoardGeneration\VisualVarietySystemValidator.cs(100,17): warning CS0162: Unreachable code detected

Assets\Scripts\Boosters\BoosterEconomySystemValidator.cs(91,17): warning CS0162: Unreachable code detected

Assets\Scripts\Boosters\BoosterEconomySystemValidator.cs(101,17): warning CS0162: Unreachable code detected

Assets\Scripts\Boosters\BoosterEconomySystemValidator.cs(113,17): warning CS0162: Unreachable code detected

Assets\Scripts\Score\ScoreSystemValidator.cs(145,17): warning CS0162: Unreachable code detected

Assets\Scripts\Score\ScoreSystemValidator.cs(153,17): warning CS0162: Unreachable code detected

Assets\Scripts\Rewards\JokerSystemValidator.cs(131,17): warning CS0162: Unreachable code detected

Assets\Scripts\BoardGeneration\GridMaskSystemValidator.cs(35,17): warning CS0162: Unreachable code detected

Assets\Scripts\BoardGeneration\GridMaskSystemValidator.cs(41,17): warning CS0162: Unreachable code detected
[1094/1101  0s] Csc Library/Bee/artifacts/1900b0aE.dag/Assembly-CSharp-Editor.dll (+2 others)
Assets\Editor\GameSceneSpawnVerificationBuilder.cs(159,88): warning CS0618: 'FindObjectsSortMode' is obsolete: 'FindObjectsSortMode has been deprecated. Use the FindObjectsByType overloads that do not take a FindObjectsSortMode parameter.'

Assets\Editor\GameSceneSpawnVerificationBuilder.cs(159,28): warning CS0618: 'Object.FindObjectsByType<T>(FindObjectsInactive, FindObjectsSortMode)' is obsolete: 'FindObjectsByType with FindObjectsSortMode parameter has been deprecated. Use FindObjectsByType<T>() or FindObjectsByType<T>(FindObjectsInactive) instead. InstanceID will be replaced in the future with EntityId and previous sort order cannot be maintained.'
[1095/1101  0s] ILPostProcess Library/Bee/artifacts/1900b0aE.dag/post-processed/Assembly-CSharp-Editor.dll (+pdb)
Processing assembly Library/Bee/artifacts/1900b0aE.dag/Assembly-CSharp-Editor.dll, with 137 defines and 358 references

processors: Unity.Jobs.CodeGen.JobsILPostProcessor, zzzUnity.Burst.CodeGen.BurstILPostProcessor

running Unity.Jobs.CodeGen.JobsILPostProcessor

running zzzUnity.Burst.CodeGen.BurstILPostProcessor
[1096/1101  2s] ILPostProcess Library/Bee/artifacts/1900b0aE.dag/post-processed/Assembly-CSharp.dll (+pdb)
Processing assembly Library/Bee/artifacts/1900b0aE.dag/Assembly-CSharp.dll, with 139 defines and 336 references

processors: Unity.Jobs.CodeGen.JobsILPostProcessor, zzzUnity.Burst.CodeGen.BurstILPostProcessor

running Unity.Jobs.CodeGen.JobsILPostProcessor

running zzzUnity.Burst.CodeGen.BurstILPostProcessor
[1097/1101  0s] CopyFiles Library/ScriptAssemblies/Assembly-CSharp-Editor.pdb
[1098/1101  0s] CopyFiles Library/ScriptAssemblies/Assembly-CSharp.pdb
[1099/1101  0s] CopyFiles Library/ScriptAssemblies/Assembly-CSharp.dll
[1100/1101  0s] CopyFiles Library/ScriptAssemblies/Assembly-CSharp-Editor.dll
*** Tundra build success (6.68 seconds), 10 items updated, 1101 evaluated
Assets\Scripts\ClosedTiles\ClosedTileSystemValidator.cs(96,17): warning CS0162: Unreachable code detected
Assets\Scripts\BoardGeneration\VisualVarietySystemValidator.cs(100,17): warning CS0162: Unreachable code detected
Assets\Scripts\Boosters\BoosterEconomySystemValidator.cs(91,17): warning CS0162: Unreachable code detected
Assets\Scripts\Boosters\BoosterEconomySystemValidator.cs(101,17): warning CS0162: Unreachable code detected
Assets\Scripts\Boosters\BoosterEconomySystemValidator.cs(113,17): warning CS0162: Unreachable code detected
Assets\Scripts\Score\ScoreSystemValidator.cs(145,17): warning CS0162: Unreachable code detected
Assets\Scripts\Score\ScoreSystemValidator.cs(153,17): warning CS0162: Unreachable code detected
Assets\Scripts\Rewards\JokerSystemValidator.cs(131,17): warning CS0162: Unreachable code detected
Assets\Scripts\BoardGeneration\GridMaskSystemValidator.cs(35,17): warning CS0162: Unreachable code detected
Assets\Scripts\BoardGeneration\GridMaskSystemValidator.cs(41,17): warning CS0162: Unreachable code detected
Assets\Editor\GameSceneSpawnVerificationBuilder.cs(159,88): warning CS0618: 'FindObjectsSortMode' is obsolete: 'FindObjectsSortMode has been deprecated. Use the FindObjectsByType overloads that do not take a FindObjectsSortMode parameter.'
Assets\Editor\GameSceneSpawnVerificationBuilder.cs(159,28): warning CS0618: 'Object.FindObjectsByType<T>(FindObjectsInactive, FindObjectsSortMode)' is obsolete: 'FindObjectsByType with FindObjectsSortMode parameter has been deprecated. Use FindObjectsByType<T>() or FindObjectsByType<T>(FindObjectsInactive) instead. InstanceID will be replaced in the future with EntityId and previous sort order cannot be maintained.'
AssetDatabase: script compilation time: 20.119180s
Begin MonoManager ReloadAssembly
Assembly Assembly-CSharp-Editor-firstpass.dll at Library/ScriptAssemblies/Assembly-CSharp-Editor-firstpass.dll not valid. Loading of assembly skipped.
Assembly Assembly-CSharp-firstpass.dll at Library/ScriptAssemblies/Assembly-CSharp-firstpass.dll not valid. Loading of assembly skipped.
Assembly DocCodeExamples.dll at Library/ScriptAssemblies/DocCodeExamples.dll not valid. Loading of assembly skipped.
Assembly TestNewCustomAssembly.dll at Library/ScriptAssemblies/TestNewCustomAssembly.dll not valid. Loading of assembly skipped.
Assembly Unity.2D.Animation.EditorTests.dll at Library/ScriptAssemblies/Unity.2D.Animation.EditorTests.dll not valid. Loading of assembly skipped.
Assembly Unity.2D.Aseprite.EditorTests.dll at Library/ScriptAssemblies/Unity.2D.Aseprite.EditorTests.dll not valid. Loading of assembly skipped.
Assembly Unity.2D.Common.EditorTests.dll at Library/ScriptAssemblies/Unity.2D.Common.EditorTests.dll not valid. Loading of assembly skipped.
Assembly Unity.2D.Psdimporter.EditorTests.dll at Library/ScriptAssemblies/Unity.2D.Psdimporter.EditorTests.dll not valid. Loading of assembly skipped.
Assembly Unity.2D.Sprite.Package.EditorTests.dll at Library/ScriptAssemblies/Unity.2D.Sprite.Package.EditorTests.dll not valid. Loading of assembly skipped.
Assembly Unity.2D.SpriteShape.EditorTests.dll at Library/ScriptAssemblies/Unity.2D.SpriteShape.EditorTests.dll not valid. Loading of assembly skipped.
Assembly Unity.2D.Tilemap.Package.EditorTests.dll at Library/ScriptAssemblies/Unity.2D.Tilemap.Package.EditorTests.dll not valid. Loading of assembly skipped.
Assembly Unity.Collections.BurstCompatibilityGen.dll at Library/ScriptAssemblies/Unity.Collections.BurstCompatibilityGen.dll not valid. Loading of assembly skipped.
Assembly Unity.Collections.DocCodeSamples.dll at Library/ScriptAssemblies/Unity.Collections.DocCodeSamples.dll not valid. Loading of assembly skipped.
Assembly Unity.Collections.PerformanceTests.dll at Library/ScriptAssemblies/Unity.Collections.PerformanceTests.dll not valid. Loading of assembly skipped.
Assembly Unity.Collections.Tests.dll at Library/ScriptAssemblies/Unity.Collections.Tests.dll not valid. Loading of assembly skipped.
Assembly Unity.Collections.Tests.Playmode.dll at Library/ScriptAssemblies/Unity.Collections.Tests.Playmode.dll not valid. Loading of assembly skipped.
Assembly Unity.InputSystem.IntegrationTests.dll at Library/ScriptAssemblies/Unity.InputSystem.IntegrationTests.dll not valid. Loading of assembly skipped.
Assembly Unity.Mathematics.Tests.dll at Library/ScriptAssemblies/Unity.Mathematics.Tests.dll not valid. Loading of assembly skipped.
Assembly Unity.Multiplayer.Center.Editor.Tests.dll at Library/ScriptAssemblies/Unity.Multiplayer.Center.Editor.Tests.dll not valid. Loading of assembly skipped.
Assembly Unity.Multiplayer.Center.Tests.dll at Library/ScriptAssemblies/Unity.Multiplayer.Center.Tests.dll not valid. Loading of assembly skipped.
Assembly Unity.Nuget.Mono-Cecil.dll at Library/ScriptAssemblies/Unity.Nuget.Mono-Cecil.dll not valid. Loading of assembly skipped.
Assembly Unity.PathTracing.Editor.Tests.dll at Library/ScriptAssemblies/Unity.PathTracing.Editor.Tests.dll not valid. Loading of assembly skipped.
Assembly Unity.PathTracing.Runtime.Tests.dll at Library/ScriptAssemblies/Unity.PathTracing.Runtime.Tests.dll not valid. Loading of assembly skipped.
Assembly Unity.RenderPipelines.Core.Editor.Tests.dll at Library/ScriptAssemblies/Unity.RenderPipelines.Core.Editor.Tests.dll not valid. Loading of assembly skipped.
Assembly Unity.RenderPipelines.Core.Runtime.Tests.dll at Library/ScriptAssemblies/Unity.RenderPipelines.Core.Runtime.Tests.dll not valid. Loading of assembly skipped.
Assembly Unity.RenderPipelines.Universal.Config.Editor.Tests.dll at Library/ScriptAssemblies/Unity.RenderPipelines.Universal.Config.Editor.Tests.dll not valid. Loading of assembly skipped.
Assembly Unity.RenderPipelines.Universal.Editor.Tests.dll at Library/ScriptAssemblies/Unity.RenderPipelines.Universal.Editor.Tests.dll not valid. Loading of assembly skipped.
Assembly Unity.RenderPipelines.Universal.Runtime.Tests.dll at Library/ScriptAssemblies/Unity.RenderPipelines.Universal.Runtime.Tests.dll not valid. Loading of assembly skipped.
Assembly Unity.Searcher.EditorTests.dll at Library/ScriptAssemblies/Unity.Searcher.EditorTests.dll not valid. Loading of assembly skipped.
Assembly Unity.ShaderGraph.Editor.Tests.dll at Library/ScriptAssemblies/Unity.ShaderGraph.Editor.Tests.dll not valid. Loading of assembly skipped.
Assembly Unity.TextMeshPro.Editor.Tests.dll at Library/ScriptAssemblies/Unity.TextMeshPro.Editor.Tests.dll not valid. Loading of assembly skipped.
Assembly Unity.TextMeshPro.Tests.dll at Library/ScriptAssemblies/Unity.TextMeshPro.Tests.dll not valid. Loading of assembly skipped.
Assembly Unity.UnifiedRayTracing.Editor.Tests.dll at Library/ScriptAssemblies/Unity.UnifiedRayTracing.Editor.Tests.dll not valid. Loading of assembly skipped.
Assembly UnityEditor.UI.Common.Tests.dll at Library/ScriptAssemblies/UnityEditor.UI.Common.Tests.dll not valid. Loading of assembly skipped.
Assembly UnityEditor.UI.EditorTests.dll at Library/ScriptAssemblies/UnityEditor.UI.EditorTests.dll not valid. Loading of assembly skipped.
Assembly UnityEngine.UI.Tests.dll at Library/ScriptAssemblies/UnityEngine.UI.Tests.dll not valid. Loading of assembly skipped.
Refreshing native plugins compatible for Editor in 11.94 ms, found 5 plugins.
Native extension for WindowsStandalone target not found
Refreshing native plugins compatible for Editor in 2.59 ms, found 5 plugins.
ScheduleIndexationOnStartup MainProcess:True IndexOnStartup:True
Mono: successfully reloaded assembly
- Finished resetting the current domain, in  6.495 seconds
Domain Reload Profiling: 10061ms
	BeginReloadAssembly (571ms)
		DisableScriptedObjects (55ms)
		CreateAndSetChildDomain (192ms)
	RebuildCommonClasses (77ms)
	RebuildNativeTypeToScriptingClass (23ms)
	initialDomainReloadingComplete (1396ms)
	LoadAllAssembliesAndSetupDomain (1498ms)
		LoadAssemblies (1009ms)
		AnalyzeDomain (693ms)
			TypeCache.Refresh (506ms)
				TypeCache.ScanAssembly (453ms)
			BuildScriptInfoCaches (154ms)
			ResolveRequiredComponents (27ms)
	FinalizeReload (6497ms)
		SetupLoadedEditorAssemblies (0ms)
			InitializePlatformSupportModulesInManaged (50ms)
			BeforeProcessingInitializeOnLoad (499ms)
			ProcessInitializeOnLoadAttributes (4655ms)
			ProcessInitializeOnLoadMethodAttributes (605ms)
			AfterProcessingInitializeOnLoad (10ms)
		AwakeInstancesAfterBackupRestoration (43ms)
Start importing Assets/Scenes/MainMenuScene.unity using Guid(83c936c7101746b2854921dc869a96be) (DefaultImporter) -> (Import Result ID: 'b2e1f78f11c9120662553c9e4dae2e6a') in 0.0812195 seconds [static dependencies only]. Details - ImportResultOutputID=8cb545f152eb17eb86b5565d039d48c5 DependenciesID=0093e5b42a8e0f45c3646ac8cb89101a StaticDependenciesID=1e89d08ca76b2a3cec347a383081e32f 
Refreshing native plugins compatible for Editor in 3.48 ms, found 5 plugins.
(Values over 0.050ms)
Asset Pipeline Refresh (id=37c7346ba2c0f63489ceba34a74204ad): Total: 34.303 seconds - Initiated by InitialRefreshV2(ForceSynchronousImport)
	Summary:
		Imports: total=1 (actual=1, local cache=0, cache server=0)
		Asset DB Process Time: managed=13 ms, native=9123 ms
		Asset DB Callback time: managed=1122 ms, native=139 ms
		Scripting: domain reloads=1, domain reload time=3569 ms, compile time=20122 ms, other=205 ms
		Project Asset Count: scripts=1583, non-scripts=3203
		Asset File Changes: new=1, changed=3, moved=0, deleted=0
		Scan Filter Count: 0
	InvokePackagesCallback: 95.715ms
	ApplyChangesToAssetFolders: 1.456ms
	Scan: 1097.736ms
	OnSourceAssetsModified: 4.264ms
	CategorizeScriptCompilationAssets: 290.847ms
	ProcessAssetsWithTransientArtifactChanges: 219.106ms
	CategorizeAssets: 289.369ms
	CompileScripts: 20122.408ms
	ImportOutOfDateAssets: 6632.934ms (6531.359ms without children)
		ImportManagerImport: 90.189ms (3.945ms without children)
		ReloadNativeAssets: 0.057ms
		UnloadImportedAssets: 2.940ms
		EnsureUptoDateAssetsAreRegisteredWithGuidPM: 3.493ms
		InitializingProgressBar: 0.346ms
		OnDemandSchedulerStart: 4.544ms
	PostProcessAllAssets: 1128.368ms
		VCAutoAddAssetPostprocess 5.194ms
		XRBuildSystem.XRAssetImported 1.536ms
		VersionControlSettings.HiddenFilePostprocess 0.423ms
		PostProcessCallbackCreateDeferredMaterials 0.095ms
		MonoPostProcessAllAssets: 1116.862ms
			AssetPostprocessor.OnPostprocessAllAssets 452.971ms
			SyncVS.PostprocessSyncProject 382.132ms
			UniversalRenderPipelineGlobalSettingsPostprocessor.OnPostprocessAllAssets 82.972ms
			BuilderAssetPostprocessor.OnPostprocessAllAssets 53.885ms
			StyleCatalogPostProcessor.OnPostprocessAllAssets 40.714ms
			WindowAssetPostprocessingWatcher.OnPostprocessAllAssets 5.847ms
			SpeedTree9Postprocessor.OnPostprocessAllAssets 5.250ms
			RetainedModeAssetPostprocessor.OnPostprocessAllAssets 3.995ms
			ShaderGraphAssetPostProcessor.OnPostprocessAllAssets 3.695ms
			RenderPipelineGlobalSettingsPostprocessor.OnPostprocessAllAssets 3.560ms
			AssetChangedListener.OnPostprocessAllAssets 2.599ms
			AssetProcessor.OnPostprocessAllAssets 2.206ms
			SpriteEditorTexturePostprocessor.OnPostprocessAllAssets 2.069ms
			TMPro_TexturePostProcessor.OnPostprocessAllAssets 1.492ms
			MaterialPostprocessor.OnPostprocessAllAssets 1.481ms
			ArtifactBrowserPostProcessor.OnPostprocessAllAssets 1.169ms
			InputActionAssetPostprocessor.OnPostprocessAllAssets 1.122ms
			SpriteShapeAssetPostProcessor.OnPostprocessAllAssets 1.066ms
			UVCSAssetPostprocessor.OnPostprocessAllAssets 0.946ms
			TextAssetPostProcessor.OnPostprocessAllAssets 0.865ms
			PostProcessor.OnPostprocessAllAssets 0.728ms
			AudioMixerPostprocessor.OnPostprocessAllAssets 0.649ms
			PSDImportPostProcessor.OnPostprocessAllAssets 0.595ms
			InputActionJsonNameModifierAssetProcessor.OnPostprocessAllAssets 0.555ms
			ReferencedClipsPostProcessor.OnPostprocessAllAssets 0.544ms
			TerrainToolbarOverlayPostProcessor.OnPostprocessAllAssets 0.544ms
			AssetDatabaseCallbacks.OnPostprocessAllAssets 0.446ms
			ProjectSettingsPostprocessor.OnPostprocessAllAssets 0.404ms
			SpriteLibraryAssetPostprocessor.OnPostprocessAllAssets 0.402ms
			SpeedTreePostProcessor.OnPostprocessAllAssets 0.362ms
			SamplePostprocessor.OnPostprocessAllAssets 0.360ms
			AssetEvents.OnPostprocessAllAssets 0.354ms
			ScenarioDriftAssetsTracker.OnPostprocessAllAssets 0.353ms
			ConfigAssetsTracker.OnPostprocessAllAssets 0.262ms
			PSDImporterAssetPostProcessor.OnPostprocessAllAssets 0.242ms
			AudioContainerPostProcessor.OnPostprocessAllAssets 0.155ms
	PostAssetChangesProfiler: 38.357ms
	UnloadStreamsBegin: 2.497ms
	PersistCurrentRevisions: 0.759ms
	GenerateScriptTypeHashes: 11.015ms
	GenerateScriptTypeSerializationHashes: 19.491ms
	Untracked: 4367.903ms

Application.AssetDatabase Initial Refresh End
Shader Hidden/ChartRasterizerHardware is not supported: GPU does not support conservative rasterization
Shader Hidden/ChartRasterizerHardware is not supported: GPU does not support conservative rasterization
Scanning for USB devices : 5.487ms
Initializing Unity extensions:
[MODES] ModeService[none].Initialize
[MODES] ModeService[none].LoadModes
[MODES] Loading mode Default (0) for mode-current-id-MahjongGame
Unloading 75 Unused Serialized files (Serialized files now loaded: 0)
Unloading 7688 unused Assets / (10.7 MB). Loaded Objects now: 8456.
Memory consumption went from 230.3 MB to 219.6 MB.
Total: 36.925600 ms (FindLiveObjects: 1.636500 ms CreateObjectMapping: 2.949600 ms MarkObjects: 17.218300 ms  DeleteObjects: 15.111900 ms)

Batchmode quit successfully invoked - shutting down!
Curl error 42: Callback aborted
[Physics::Module] Cleanup current backend.
[Physics::Module] Id: 0xf2b8ea05
Input System module state changed to: ShutdownInProgress.
Input Polling Thread exited.
Input System module state changed to: Shutdown.
[Licensing::IpcConnector] LicenseClient-Omer Avar-6000.4.7-notifications channel disconnected successfully.
[Licensing::IpcConnector] LicenseClient-Omer Avar-6000.4.7 channel disconnected successfully.
AcceleratorClientConnectionCallback - disconnected - :0
Cleanup mono
CodeReloadManager destroyed
Exiting batchmode successfully now!
Exiting without the bug reporter. Application will terminate with return code 0