[Licensing::Module] Trying to connect to existing licensing client channel...
Built from '6000.4/staging' branch; Version is '6000.4.7f1 (f3c3c4248748) revision 15975364'; Using compiler version '194234433'; Build Type 'Release'
[Licensing::IpcConnector] Successfully connected to: "LicenseClient-Omer Avar" at "2026-05-31T11:09:31.265925Z"
OS: 'Windows 11  (10.0.26200) Professional' Language: 'tr' Physical Memory: 8029 MB
BatchMode: 1, IsHumanControllingUs: 0, StartBugReporterOnCrash: 0, Is64bit: 1
System  architecture: x64
Process architecture: x64
Date: 2026-05-31T11:09:31Z

COMMAND LINE ARGUMENTS:
C:\Program Files\Unity\Hub\Editor\6000.4.7f1\Editor\Unity.exe
-batchmode
-nographics
-quit
-projectPath
d:\MahjongGame
-logFile
d:\MahjongGame\compile.log
Successfully changed project path to: d:\MahjongGame
D:/MahjongGame
Exiting without the bug reporter. Application will terminate with return code 1